// Jest Snapshot v1, https://goo.gl/fbAQLP

exports[`ProductInfo rendering renders correctly 1`] = `
<div
  className="product-info"
>
  <div
    className="product-info-title-rating"
  >
    <span
      className="product-info-title"
    >
      title
    </span>
    <ProductRating />
  </div>
  <div
    className="product-info-tagline"
  >
    tagline
  </div>
  <ProductDetails
    releaseDate="rele"
  />
  <ProductDescription />
</div>
`;
