// Jest Snapshot v1, https://goo.gl/fbAQLP

exports[`App rendering renders correctly 1`] = `
<div
  className="app"
>
  <ErrorBoundary>
    <AppContainer
      data={
        Array [
          Object {
            "id": 1,
            "posterPath": "https://image.tmdb.org/t/p/w500/uJ6OnE3CzGWq6buLINAbdBqa0gV.jpg",
            "releaseDate": "2018",
            "tagline": "A Star Wars",
            "title": "Solo: A Star Wars Story",
          },
          Object {
            "id": 2,
            "posterPath": "https://image.tmdb.org/t/p/w500/uJ6OnE3CzGWq6buLINAbdBqa0gV.jpg",
            "releaseDate": "2018",
            "tagline": "A Star Wars",
            "title": "Solo: A Star Wars Story",
          },
          Object {
            "id": 3,
            "posterPath": "https://image.tmdb.org/t/p/w500/uJ6OnE3CzGWq6buLINAbdBqa0gV.jpg",
            "releaseDate": "2018",
            "tagline": "A Star Wars",
            "title": "Solo: A Star Wars Story",
          },
          Object {
            "id": 4,
            "posterPath": "https://image.tmdb.org/t/p/w500/uJ6OnE3CzGWq6buLINAbdBqa0gV.jpg",
            "releaseDate": "2018",
            "tagline": "A Star Wars",
            "title": "Solo: A Star Wars Story",
          },
          Object {
            "id": 5,
            "posterPath": "https://image.tmdb.org/t/p/w500/uJ6OnE3CzGWq6buLINAbdBqa0gV.jpg",
            "releaseDate": "2018",
            "tagline": "A Star Wars",
            "title": "Solo: A Star Wars Story",
          },
          Object {
            "id": 6,
            "posterPath": "https://image.tmdb.org/t/p/w500/uJ6OnE3CzGWq6buLINAbdBqa0gV.jpg",
            "releaseDate": "2018",
            "tagline": "A Star Wars",
            "title": "Solo: A Star Wars Story",
          },
        ]
      }
      genre={null}
      productSelected={false}
    />
  </ErrorBoundary>
</div>
`;
