// Jest Snapshot v1, https://goo.gl/fbAQLP

exports[`SearchBySwitch rendering renders correctly 1`] = `
<SearchBySwitch>
  <div
    className="search-by-switch"
  >
    <span
      className="search-by-switch-label"
    >
      SEARCH BY 
    </span>
    <div
      className="search-by-switch-buttons"
    >
      <Button
        classes="search-by-switch-button search-by-switch-left-button"
        disabled={false}
        label="TITLE"
        onClick={[Function]}
      >
        <button
          className="button search-by-switch-button search-by-switch-left-button"
          disabled={false}
          onClick={[Function]}
          type="submit"
        >
          TITLE
        </button>
      </Button>
      <Button
        classes="search-by-switch-button search-by-switch-right-button"
        disabled={true}
        label="GENRE"
        onClick={[Function]}
      >
        <button
          className="button search-by-switch-button search-by-switch-right-button"
          disabled={true}
          onClick={[Function]}
          type="submit"
        >
          GENRE
        </button>
      </Button>
    </div>
  </div>
</SearchBySwitch>
`;

exports[`SearchBySwitch rendering simulate click on button by GENRE 1`] = `
<SearchBySwitch>
  <div
    className="search-by-switch"
  >
    <span
      className="search-by-switch-label"
    >
      SEARCH BY 
    </span>
    <div
      className="search-by-switch-buttons"
    >
      <Button
        classes="search-by-switch-button search-by-switch-left-button"
        disabled={false}
        label="TITLE"
        onClick={[Function]}
      >
        <button
          className="button search-by-switch-button search-by-switch-left-button"
          disabled={false}
          onClick={[Function]}
          type="submit"
        >
          TITLE
        </button>
      </Button>
      <Button
        classes="search-by-switch-button search-by-switch-right-button"
        disabled={true}
        label="GENRE"
        onClick={[Function]}
      >
        <button
          className="button search-by-switch-button search-by-switch-right-button"
          disabled={true}
          onClick={[Function]}
          type="submit"
        >
          GENRE
        </button>
      </Button>
    </div>
  </div>
</SearchBySwitch>
`;

exports[`SearchBySwitch rendering simulate click on button by TITLE 1`] = `
<SearchBySwitch>
  <div
    className="search-by-switch"
  >
    <span
      className="search-by-switch-label"
    >
      SEARCH BY 
    </span>
    <div
      className="search-by-switch-buttons"
    >
      <Button
        classes="search-by-switch-button search-by-switch-left-button"
        disabled={true}
        label="TITLE"
        onClick={[Function]}
      >
        <button
          className="button search-by-switch-button search-by-switch-left-button"
          disabled={true}
          onClick={[Function]}
          type="submit"
        >
          TITLE
        </button>
      </Button>
      <Button
        classes="search-by-switch-button search-by-switch-right-button"
        disabled={false}
        label="GENRE"
        onClick={[Function]}
      >
        <button
          className="button search-by-switch-button search-by-switch-right-button"
          disabled={false}
          onClick={[Function]}
          type="submit"
        >
          GENRE
        </button>
      </Button>
    </div>
  </div>
</SearchBySwitch>
`;
